--------------------------------------------------------------------------------
Release 14.7 Trace  (nt64)
Copyright (c) 1995-2013 Xilinx, Inc.  All rights reserved.

C:\Xilinx\14.7\ISE_DS\ISE\bin\nt64\unwrapped\trce.exe -intstyle ise -v 3 -s 2
-n 3 -fastpaths -xml Papilio_DUO_LX9.twx Papilio_DUO_LX9.ncd -o
Papilio_DUO_LX9.twr Papilio_DUO_LX9.pcf

Design file:              Papilio_DUO_LX9.ncd
Physical constraint file: Papilio_DUO_LX9.pcf
Device,package,speed:     xc6slx9,tqg144,C,-2 (PRODUCTION 1.23 2013-10-13)
Report level:             verbose report

Environment Variable      Effect 
--------------------      ------ 
NONE                      No environment variables were set
--------------------------------------------------------------------------------

INFO:Timing:2698 - No timing constraints found, doing default enumeration.
INFO:Timing:3412 - To improve timing, see the Timing Closure User Guide (UG612).
INFO:Timing:2752 - To get complete path coverage, use the unconstrained paths 
   option. All paths that are not constrained will be reported in the 
   unconstrained paths section(s) of the report.
INFO:Timing:3339 - The clock-to-out numbers in this timing report are based on 
   a 50 Ohm transmission line loading model.  For the details of this model, 
   and for more information on accounting for different loading conditions, 
   please see the device datasheet.



Data Sheet report:
-----------------
All values displayed in nanoseconds (ns)

Setup/Hold to clock CLK
------------+------------+------------+------------+------------+------------------+--------+
            |Max Setup to|  Process   |Max Hold to |  Process   |                  | Clock  |
Source      | clk (edge) |   Corner   | clk (edge) |   Corner   |Internal Clock(s) | Phase  |
------------+------------+------------+------------+------------+------------------+--------+
Arduino_0   |    3.740(R)|      SLOW  |   -0.876(R)|      FAST  |XLXN_408<165>     |   0.000|
Arduino_2   |    5.188(R)|      SLOW  |   -2.671(R)|      FAST  |XLXN_408<165>     |   0.000|
Arduino_3   |    2.476(R)|      SLOW  |   -1.088(R)|      FAST  |XLXN_408<165>     |   0.000|
Arduino_4   |    3.373(R)|      SLOW  |   -1.657(R)|      FAST  |XLXN_408<165>     |   0.000|
Arduino_5   |    2.743(R)|      SLOW  |   -1.269(R)|      FAST  |XLXN_408<165>     |   0.000|
Arduino_6   |    2.261(R)|      SLOW  |   -0.941(R)|      FAST  |XLXN_408<165>     |   0.000|
Arduino_7   |    3.056(R)|      SLOW  |   -1.357(R)|      FAST  |XLXN_408<165>     |   0.000|
Arduino_8   |    3.352(R)|      SLOW  |   -1.633(R)|      FAST  |XLXN_408<165>     |   0.000|
Arduino_9   |    3.171(R)|      SLOW  |   -1.472(R)|      FAST  |XLXN_408<165>     |   0.000|
Arduino_10  |    3.010(R)|      SLOW  |   -1.445(R)|      FAST  |XLXN_408<165>     |   0.000|
Arduino_11  |    3.859(R)|      SLOW  |   -1.912(R)|      FAST  |XLXN_408<165>     |   0.000|
Arduino_12  |    3.074(R)|      SLOW  |   -1.508(R)|      FAST  |XLXN_408<165>     |   0.000|
Arduino_13  |    3.593(R)|      SLOW  |   -1.782(R)|      FAST  |XLXN_408<165>     |   0.000|
Arduino_16  |    3.003(R)|      SLOW  |   -1.418(R)|      FAST  |XLXN_408<165>     |   0.000|
Arduino_17  |    2.355(R)|      SLOW  |   -0.993(R)|      FAST  |XLXN_408<165>     |   0.000|
Arduino_18  |    3.324(R)|      SLOW  |   -1.529(R)|      FAST  |XLXN_408<165>     |   0.000|
Arduino_19  |    2.843(R)|      SLOW  |   -1.217(R)|      FAST  |XLXN_408<165>     |   0.000|
Arduino_20  |    2.565(R)|      SLOW  |   -1.124(R)|      FAST  |XLXN_408<165>     |   0.000|
Arduino_21  |    2.427(R)|      SLOW  |   -1.080(R)|      FAST  |XLXN_408<165>     |   0.000|
Arduino_23  |    2.660(R)|      SLOW  |   -1.225(R)|      FAST  |XLXN_408<165>     |   0.000|
Arduino_25  |    2.673(R)|      SLOW  |   -1.119(R)|      FAST  |XLXN_408<165>     |   0.000|
Arduino_27  |    2.338(R)|      SLOW  |   -1.032(R)|      FAST  |XLXN_408<165>     |   0.000|
Arduino_29  |    2.194(R)|      SLOW  |   -0.962(R)|      FAST  |XLXN_408<165>     |   0.000|
Arduino_31  |    2.129(R)|      SLOW  |   -0.906(R)|      FAST  |XLXN_408<165>     |   0.000|
Arduino_33  |    2.003(R)|      SLOW  |   -0.846(R)|      FAST  |XLXN_408<165>     |   0.000|
Arduino_35  |    2.183(R)|      SLOW  |   -0.959(R)|      FAST  |XLXN_408<165>     |   0.000|
Arduino_37  |    2.113(R)|      SLOW  |   -0.872(R)|      FAST  |XLXN_408<165>     |   0.000|
Arduino_39  |    2.803(R)|      SLOW  |   -1.288(R)|      FAST  |XLXN_408<165>     |   0.000|
Arduino_41  |    2.342(R)|      SLOW  |   -0.995(R)|      FAST  |XLXN_408<165>     |   0.000|
Arduino_47  |    2.337(R)|      SLOW  |   -1.012(R)|      FAST  |XLXN_408<165>     |   0.000|
Arduino_49  |    3.090(R)|      SLOW  |   -1.632(R)|      FAST  |XLXN_408<165>     |   0.000|
Arduino_51  |    2.649(R)|      SLOW  |   -1.216(R)|      FAST  |XLXN_408<165>     |   0.000|
Arduino_53  |    2.767(R)|      SLOW  |   -1.239(R)|      FAST  |XLXN_408<165>     |   0.000|
RXD         |    2.016(R)|      SLOW  |   -0.804(R)|      FAST  |XLXN_408<165>     |   0.000|
SPI_MISO    |    2.879(R)|      SLOW  |   -1.313(R)|      FAST  |XLXN_408<165>     |   0.000|
sram_data<0>|    2.404(F)|      SLOW  |   -1.079(F)|      FAST  |XLXN_408<165>     |   0.000|
sram_data<1>|    2.399(F)|      SLOW  |   -1.020(F)|      FAST  |XLXN_408<165>     |   0.000|
sram_data<2>|    2.364(F)|      SLOW  |   -1.050(F)|      FAST  |XLXN_408<165>     |   0.000|
sram_data<3>|    2.554(F)|      SLOW  |   -1.101(F)|      FAST  |XLXN_408<165>     |   0.000|
sram_data<4>|    3.095(F)|      SLOW  |   -1.450(F)|      FAST  |XLXN_408<165>     |   0.000|
sram_data<5>|    3.276(F)|      SLOW  |   -1.482(F)|      FAST  |XLXN_408<165>     |   0.000|
sram_data<6>|    2.684(F)|      SLOW  |   -1.219(F)|      FAST  |XLXN_408<165>     |   0.000|
sram_data<7>|    3.065(F)|      SLOW  |   -1.372(F)|      FAST  |XLXN_408<165>     |   0.000|
------------+------------+------------+------------+------------+------------------+--------+

Clock CLK to Pad
-------------+-----------------+------------+-----------------+------------+----------------------+--------+
             |Max (slowest) clk|  Process   |Min (fastest) clk|  Process   |                      | Clock  |
Destination  |  (edge) to PAD  |   Corner   |  (edge) to PAD  |   Corner   |Internal Clock(s)     | Phase  |
-------------+-----------------+------------+-----------------+------------+----------------------+--------+
Arduino_1    |         8.080(R)|      SLOW  |         3.842(R)|      FAST  |XLXN_408<165>         |   0.000|
Arduino_3    |         8.535(R)|      SLOW  |         3.939(R)|      FAST  |XLXN_408<165>         |   0.000|
Arduino_4    |         9.033(R)|      SLOW  |         3.921(R)|      FAST  |XLXN_408<165>         |   0.000|
Arduino_5    |         9.279(R)|      SLOW  |         3.870(R)|      FAST  |XLXN_408<165>         |   0.000|
Arduino_6    |         8.568(R)|      SLOW  |         3.857(R)|      FAST  |XLXN_408<165>         |   0.000|
Arduino_7    |         8.981(R)|      SLOW  |         3.889(R)|      FAST  |XLXN_408<165>         |   0.000|
Arduino_8    |         9.059(R)|      SLOW  |         3.848(R)|      FAST  |XLXN_408<165>         |   0.000|
Arduino_9    |         9.062(R)|      SLOW  |         4.007(R)|      FAST  |XLXN_408<165>         |   0.000|
Arduino_10   |         9.094(R)|      SLOW  |         4.252(R)|      FAST  |XLXN_408<165>         |   0.000|
Arduino_11   |         8.825(R)|      SLOW  |         3.813(R)|      FAST  |XLXN_408<165>         |   0.000|
Arduino_12   |         8.958(R)|      SLOW  |         3.763(R)|      FAST  |XLXN_408<165>         |   0.000|
Arduino_13   |         8.959(R)|      SLOW  |         3.892(R)|      FAST  |XLXN_408<165>         |   0.000|
Arduino_14   |         9.528(R)|      SLOW  |         4.667(R)|      FAST  |XLXN_408<165>         |   0.000|
Arduino_15   |         8.510(R)|      SLOW  |         4.005(R)|      FAST  |XLXN_408<165>         |   0.000|
Arduino_16   |         9.322(R)|      SLOW  |         4.036(R)|      FAST  |XLXN_408<165>         |   0.000|
Arduino_17   |         9.298(R)|      SLOW  |         3.895(R)|      FAST  |XLXN_408<165>         |   0.000|
Arduino_18   |         9.002(R)|      SLOW  |         3.658(R)|      FAST  |XLXN_408<165>         |   0.000|
Arduino_19   |         8.898(R)|      SLOW  |         3.591(R)|      FAST  |XLXN_408<165>         |   0.000|
Arduino_20   |         8.541(R)|      SLOW  |         3.539(R)|      FAST  |XLXN_408<165>         |   0.000|
Arduino_21   |         8.477(R)|      SLOW  |         3.992(R)|      FAST  |XLXN_408<165>         |   0.000|
Arduino_22   |        13.031(R)|      SLOW  |         5.421(R)|      FAST  |XLXN_596_BUFG         |   0.000|
Arduino_23   |         8.334(R)|      SLOW  |         3.889(R)|      FAST  |XLXN_408<165>         |   0.000|
Arduino_24   |        13.255(R)|      SLOW  |         5.537(R)|      FAST  |XLXN_596_BUFG         |   0.000|
Arduino_25   |         7.913(R)|      SLOW  |         3.429(R)|      FAST  |XLXN_408<165>         |   0.000|
Arduino_27   |         8.097(R)|      SLOW  |         3.293(R)|      FAST  |XLXN_408<165>         |   0.000|
Arduino_28   |         7.653(R)|      SLOW  |         3.543(R)|      FAST  |XLXN_408<165>         |   0.000|
Arduino_29   |         7.612(R)|      SLOW  |         3.430(R)|      FAST  |XLXN_408<165>         |   0.000|
Arduino_30   |         7.845(R)|      SLOW  |         3.649(R)|      FAST  |XLXN_408<165>         |   0.000|
Arduino_31   |         7.692(R)|      SLOW  |         3.490(R)|      FAST  |XLXN_408<165>         |   0.000|
Arduino_33   |         7.865(R)|      SLOW  |         3.410(R)|      FAST  |XLXN_408<165>         |   0.000|
Arduino_34   |        15.252(R)|      SLOW  |         6.751(R)|      FAST  |XLXN_596_BUFG         |   0.000|
Arduino_35   |         8.123(R)|      SLOW  |         3.529(R)|      FAST  |XLXN_408<165>         |   0.000|
Arduino_36   |        15.410(R)|      SLOW  |         6.834(R)|      FAST  |XLXN_596_BUFG         |   0.000|
Arduino_37   |         8.215(R)|      SLOW  |         3.530(R)|      FAST  |XLXN_408<165>         |   0.000|
Arduino_39   |         9.495(R)|      SLOW  |         3.910(R)|      FAST  |XLXN_408<165>         |   0.000|
Arduino_40   |        16.033(R)|      SLOW  |         7.140(R)|      FAST  |XLXN_596_BUFG         |   0.000|
Arduino_41   |         9.800(R)|      SLOW  |         3.915(R)|      FAST  |XLXN_408<165>         |   0.000|
Arduino_42   |        15.989(R)|      SLOW  |         7.104(R)|      FAST  |XLXN_596_BUFG         |   0.000|
Arduino_43   |        10.249(R)|      SLOW  |         5.016(R)|      FAST  |XLXN_408<165>         |   0.000|
Arduino_44   |        15.300(R)|      SLOW  |         6.660(R)|      FAST  |XLXN_596_BUFG         |   0.000|
Arduino_45   |        10.632(R)|      SLOW  |         5.293(R)|      FAST  |XLXN_408<165>         |   0.000|
Arduino_46   |        15.119(R)|      SLOW  |         6.587(R)|      FAST  |XLXN_596_BUFG         |   0.000|
Arduino_47   |         9.481(R)|      SLOW  |         3.928(R)|      FAST  |XLXN_408<165>         |   0.000|
Arduino_48   |        16.072(R)|      SLOW  |         7.120(R)|      FAST  |XLXN_596_BUFG         |   0.000|
Arduino_49   |         8.618(R)|      SLOW  |         4.102(R)|      FAST  |XLXN_408<165>         |   0.000|
Arduino_50   |        16.744(R)|      SLOW  |         7.705(R)|      FAST  |XLXN_596_BUFG         |   0.000|
Arduino_51   |         8.570(R)|      SLOW  |         3.854(R)|      FAST  |XLXN_408<165>         |   0.000|
Arduino_53   |        10.100(R)|      SLOW  |         4.334(R)|      FAST  |XLXN_408<165>         |   0.000|
SPI_CS       |         8.692(R)|      SLOW  |         4.167(R)|      FAST  |XLXN_408<165>         |   0.000|
SPI_MOSI     |         9.149(R)|      SLOW  |         4.440(R)|      FAST  |XLXN_408<165>         |   0.000|
SPI_SCK      |         8.350(R)|      SLOW  |         3.906(R)|      FAST  |XLXN_408<165>         |   0.000|
TXD          |         9.546(R)|      SLOW  |         4.589(R)|      FAST  |XLXN_408<165>         |   0.000|
sram_addr<0> |         6.301(R)|      SLOW  |         2.448(R)|      FAST  |XLXN_408<165>         |   0.000|
sram_addr<1> |         6.301(R)|      SLOW  |         2.448(R)|      FAST  |XLXN_408<165>         |   0.000|
sram_addr<2> |         6.304(R)|      SLOW  |         2.451(R)|      FAST  |XLXN_408<165>         |   0.000|
sram_addr<3> |         6.304(R)|      SLOW  |         2.451(R)|      FAST  |XLXN_408<165>         |   0.000|
sram_addr<4> |         6.306(R)|      SLOW  |         2.453(R)|      FAST  |XLXN_408<165>         |   0.000|
sram_addr<5> |         6.299(R)|      SLOW  |         2.446(R)|      FAST  |XLXN_408<165>         |   0.000|
sram_addr<6> |         6.310(R)|      SLOW  |         2.457(R)|      FAST  |XLXN_408<165>         |   0.000|
sram_addr<7> |         6.310(R)|      SLOW  |         2.457(R)|      FAST  |XLXN_408<165>         |   0.000|
sram_addr<8> |         6.388(R)|      SLOW  |         2.535(R)|      FAST  |XLXN_408<165>         |   0.000|
sram_addr<9> |         6.438(R)|      SLOW  |         2.585(R)|      FAST  |XLXN_408<165>         |   0.000|
sram_addr<10>|         6.387(R)|      SLOW  |         2.534(R)|      FAST  |XLXN_408<165>         |   0.000|
sram_addr<11>|         6.388(R)|      SLOW  |         2.535(R)|      FAST  |XLXN_408<165>         |   0.000|
sram_addr<12>|         6.388(R)|      SLOW  |         2.535(R)|      FAST  |XLXN_408<165>         |   0.000|
sram_addr<13>|         6.310(R)|      SLOW  |         2.457(R)|      FAST  |XLXN_408<165>         |   0.000|
sram_addr<14>|         6.310(R)|      SLOW  |         2.457(R)|      FAST  |XLXN_408<165>         |   0.000|
sram_addr<15>|         6.244(R)|      SLOW  |         2.391(R)|      FAST  |XLXN_408<165>         |   0.000|
sram_addr<16>|         6.248(R)|      SLOW  |         2.395(R)|      FAST  |XLXN_408<165>         |   0.000|
sram_addr<17>|         6.308(R)|      SLOW  |         2.455(R)|      FAST  |XLXN_408<165>         |   0.000|
sram_addr<18>|         6.308(R)|      SLOW  |         2.455(R)|      FAST  |XLXN_408<165>         |   0.000|
sram_ce      |         6.228(R)|      SLOW  |         2.370(R)|      FAST  |XLXN_408<165>         |   0.000|
sram_data<0> |         8.422(R)|      SLOW  |         2.159(R)|      FAST  |XLXN_408<165>         |   0.000|
sram_data<1> |         8.372(R)|      SLOW  |         2.159(R)|      FAST  |XLXN_408<165>         |   0.000|
sram_data<2> |         8.617(R)|      SLOW  |         2.159(R)|      FAST  |XLXN_408<165>         |   0.000|
sram_data<3> |         8.207(R)|      SLOW  |         2.159(R)|      FAST  |XLXN_408<165>         |   0.000|
sram_data<4> |         8.627(R)|      SLOW  |         2.159(R)|      FAST  |XLXN_408<165>         |   0.000|
sram_data<5> |         8.627(R)|      SLOW  |         2.159(R)|      FAST  |XLXN_408<165>         |   0.000|
sram_data<6> |         8.816(R)|      SLOW  |         2.159(R)|      FAST  |XLXN_408<165>         |   0.000|
sram_data<7> |         8.816(R)|      SLOW  |         2.159(R)|      FAST  |XLXN_408<165>         |   0.000|
sram_oe      |         6.166(R)|      SLOW  |         2.308(R)|      FAST  |XLXN_408<165>         |   0.000|
sram_we      |         6.359(R)|      SLOW  |         2.516(R)|      FAST  |XLXI_39/sysclk_sram_we|   0.000|
             |         6.299(R)|      SLOW  |         2.452(R)|      FAST  |XLXN_408<165>         |   0.000|
-------------+-----------------+------------+-----------------+------------+----------------------+--------+

Clock to Setup on destination clock CLK
---------------+---------+---------+---------+---------+
               | Src:Rise| Src:Fall| Src:Rise| Src:Fall|
Source Clock   |Dest:Rise|Dest:Rise|Dest:Fall|Dest:Fall|
---------------+---------+---------+---------+---------+
CLK            |    9.324|    2.193|         |    2.474|
---------------+---------+---------+---------+---------+


Analysis completed Fri Oct 10 17:06:29 2014 
--------------------------------------------------------------------------------

Trace Settings:
-------------------------
Trace Settings 

Peak Memory Usage: 317 MB



