--------------------------------------------------------------------------------
Release 14.7 Trace  (nt64)
Copyright (c) 1995-2013 Xilinx, Inc.  All rights reserved.

C:\Xilinx\14.7\ISE_DS\ISE\bin\nt64\unwrapped\trce.exe -intstyle ise -v 3 -s 2
-n 3 -fastpaths -xml Papilio_DUO_LX9.twx Papilio_DUO_LX9.ncd -o
Papilio_DUO_LX9.twr Papilio_DUO_LX9.pcf

Design file:              Papilio_DUO_LX9.ncd
Physical constraint file: Papilio_DUO_LX9.pcf
Device,package,speed:     xc6slx9,tqg144,C,-2 (PRODUCTION 1.23 2013-10-13)
Report level:             verbose report

Environment Variable      Effect 
--------------------      ------ 
NONE                      No environment variables were set
--------------------------------------------------------------------------------

INFO:Timing:2698 - No timing constraints found, doing default enumeration.
INFO:Timing:3412 - To improve timing, see the Timing Closure User Guide (UG612).
INFO:Timing:2752 - To get complete path coverage, use the unconstrained paths 
   option. All paths that are not constrained will be reported in the 
   unconstrained paths section(s) of the report.
INFO:Timing:3339 - The clock-to-out numbers in this timing report are based on 
   a 50 Ohm transmission line loading model.  For the details of this model, 
   and for more information on accounting for different loading conditions, 
   please see the device datasheet.



Data Sheet report:
-----------------
All values displayed in nanoseconds (ns)

Setup/Hold to clock CLK
------------+------------+------------+------------+------------+------------------+--------+
            |Max Setup to|  Process   |Max Hold to |  Process   |                  | Clock  |
Source      | clk (edge) |   Corner   | clk (edge) |   Corner   |Internal Clock(s) | Phase  |
------------+------------+------------+------------+------------+------------------+--------+
Arduino_1   |    3.283(R)|      SLOW  |   -1.495(R)|      FAST  |XLXN_408<165>     |   0.000|
Arduino_2   |    2.866(R)|      SLOW  |   -1.416(R)|      FAST  |XLXN_408<165>     |   0.000|
Arduino_3   |    2.850(R)|      SLOW  |   -1.383(R)|      FAST  |XLXN_408<165>     |   0.000|
Arduino_4   |    2.788(R)|      SLOW  |   -1.246(R)|      FAST  |XLXN_408<165>     |   0.000|
Arduino_5   |    2.694(R)|      SLOW  |   -1.212(R)|      FAST  |XLXN_408<165>     |   0.000|
Arduino_6   |    2.417(R)|      SLOW  |   -1.055(R)|      FAST  |XLXN_408<165>     |   0.000|
Arduino_7   |    2.302(R)|      SLOW  |   -0.972(R)|      FAST  |XLXN_408<165>     |   0.000|
Arduino_8   |    2.322(R)|      SLOW  |   -1.018(R)|      FAST  |XLXN_408<165>     |   0.000|
Arduino_9   |    2.575(R)|      SLOW  |   -1.117(R)|      FAST  |XLXN_408<165>     |   0.000|
Arduino_10  |    2.306(R)|      SLOW  |   -1.080(R)|      FAST  |XLXN_408<165>     |   0.000|
Arduino_11  |    1.909(R)|      SLOW  |   -0.737(R)|      FAST  |XLXN_408<165>     |   0.000|
Arduino_12  |    2.761(R)|      SLOW  |   -1.413(R)|      FAST  |XLXN_408<165>     |   0.000|
Arduino_13  |    2.508(R)|      SLOW  |   -1.233(R)|      FAST  |XLXN_408<165>     |   0.000|
Arduino_14  |    3.649(R)|      SLOW  |   -1.800(R)|      FAST  |XLXN_408<165>     |   0.000|
Arduino_15  |    2.192(R)|      SLOW  |   -0.953(R)|      FAST  |XLXN_408<165>     |   0.000|
Arduino_16  |    2.171(R)|      SLOW  |   -0.909(R)|      FAST  |XLXN_408<165>     |   0.000|
Arduino_17  |    2.097(R)|      SLOW  |   -0.878(R)|      FAST  |XLXN_408<165>     |   0.000|
Arduino_18  |    2.122(R)|      SLOW  |   -0.877(R)|      FAST  |XLXN_408<165>     |   0.000|
Arduino_19  |    2.546(R)|      SLOW  |   -1.179(R)|      FAST  |XLXN_408<165>     |   0.000|
Arduino_23  |    2.129(R)|      SLOW  |   -0.882(R)|      FAST  |XLXN_408<165>     |   0.000|
Arduino_25  |    2.589(R)|      SLOW  |   -1.123(R)|      FAST  |XLXN_408<165>     |   0.000|
Arduino_27  |    2.208(R)|      SLOW  |   -0.969(R)|      FAST  |XLXN_408<165>     |   0.000|
Arduino_29  |    2.005(R)|      SLOW  |   -0.835(R)|      FAST  |XLXN_408<165>     |   0.000|
Arduino_34  |    2.512(R)|      SLOW  |   -1.114(R)|      FAST  |XLXN_408<165>     |   0.000|
Arduino_35  |    2.401(R)|      SLOW  |   -1.076(R)|      FAST  |XLXN_408<165>     |   0.000|
Arduino_36  |    2.585(R)|      SLOW  |   -1.107(R)|      FAST  |XLXN_408<165>     |   0.000|
Arduino_37  |    2.325(R)|      SLOW  |   -1.038(R)|      FAST  |XLXN_408<165>     |   0.000|
Arduino_39  |    3.098(R)|      SLOW  |   -1.542(R)|      FAST  |XLXN_408<165>     |   0.000|
Arduino_41  |    2.792(R)|      SLOW  |   -1.243(R)|      FAST  |XLXN_408<165>     |   0.000|
Arduino_43  |    2.889(R)|      SLOW  |   -1.353(R)|      FAST  |XLXN_408<165>     |   0.000|
Arduino_44  |    3.634(R)|      SLOW  |   -1.922(R)|      FAST  |XLXN_408<165>     |   0.000|
Arduino_45  |    2.653(R)|      SLOW  |   -1.174(R)|      FAST  |XLXN_408<165>     |   0.000|
Arduino_46  |    3.188(R)|      SLOW  |   -1.537(R)|      FAST  |XLXN_408<165>     |   0.000|
Arduino_47  |    2.369(R)|      SLOW  |   -1.029(R)|      FAST  |XLXN_408<165>     |   0.000|
Arduino_49  |    3.687(R)|      SLOW  |   -1.783(R)|      FAST  |XLXN_408<165>     |   0.000|
Arduino_51  |    3.570(R)|      SLOW  |   -1.670(R)|      FAST  |XLXN_408<165>     |   0.000|
Arduino_53  |    4.265(R)|      SLOW  |   -2.226(R)|      FAST  |XLXN_408<165>     |   0.000|
RXD         |    2.014(R)|      SLOW  |   -0.810(R)|      FAST  |XLXN_408<165>     |   0.000|
SPI_MISO    |    2.529(R)|      SLOW  |   -1.191(R)|      FAST  |XLXN_408<165>     |   0.000|
sram_data<0>|    2.217(F)|      SLOW  |   -0.976(F)|      FAST  |XLXN_408<165>     |   0.000|
sram_data<1>|    2.531(F)|      SLOW  |   -1.073(F)|      FAST  |XLXN_408<165>     |   0.000|
sram_data<2>|    2.359(F)|      SLOW  |   -1.015(F)|      FAST  |XLXN_408<165>     |   0.000|
sram_data<3>|    2.491(F)|      SLOW  |   -1.051(F)|      FAST  |XLXN_408<165>     |   0.000|
sram_data<4>|    2.333(F)|      SLOW  |   -1.075(F)|      FAST  |XLXN_408<165>     |   0.000|
sram_data<5>|    2.803(F)|      SLOW  |   -1.299(F)|      FAST  |XLXN_408<165>     |   0.000|
sram_data<6>|    2.623(F)|      SLOW  |   -1.263(F)|      FAST  |XLXN_408<165>     |   0.000|
sram_data<7>|    2.988(F)|      SLOW  |   -1.401(F)|      FAST  |XLXN_408<165>     |   0.000|
------------+------------+------------+------------+------------+------------------+--------+

Clock CLK to Pad
-------------+-----------------+------------+-----------------+------------+----------------------+--------+
             |Max (slowest) clk|  Process   |Min (fastest) clk|  Process   |                      | Clock  |
Destination  |  (edge) to PAD  |   Corner   |  (edge) to PAD  |   Corner   |Internal Clock(s)     | Phase  |
-------------+-----------------+------------+-----------------+------------+----------------------+--------+
Arduino_0    |         8.070(R)|      SLOW  |         3.810(R)|      FAST  |XLXN_408<165>         |   0.000|
Arduino_3    |         8.582(R)|      SLOW  |         4.072(R)|      FAST  |XLXN_408<165>         |   0.000|
Arduino_4    |         8.121(R)|      SLOW  |         3.827(R)|      FAST  |XLXN_408<165>         |   0.000|
Arduino_5    |         8.285(R)|      SLOW  |         3.907(R)|      FAST  |XLXN_408<165>         |   0.000|
Arduino_6    |         8.483(R)|      SLOW  |         4.008(R)|      FAST  |XLXN_408<165>         |   0.000|
Arduino_7    |         8.030(R)|      SLOW  |         3.720(R)|      FAST  |XLXN_408<165>         |   0.000|
Arduino_8    |         7.984(R)|      SLOW  |         3.670(R)|      FAST  |XLXN_408<165>         |   0.000|
Arduino_9    |         8.013(R)|      SLOW  |         3.791(R)|      FAST  |XLXN_408<165>         |   0.000|
Arduino_10   |         8.293(R)|      SLOW  |         4.030(R)|      FAST  |XLXN_408<165>         |   0.000|
Arduino_11   |         8.350(R)|      SLOW  |         4.007(R)|      FAST  |XLXN_408<165>         |   0.000|
Arduino_12   |         8.378(R)|      SLOW  |         4.051(R)|      FAST  |XLXN_408<165>         |   0.000|
Arduino_13   |         8.472(R)|      SLOW  |         4.120(R)|      FAST  |XLXN_408<165>         |   0.000|
Arduino_14   |        11.580(R)|      SLOW  |         4.694(R)|      FAST  |XLXN_408<165>         |   0.000|
Arduino_15   |         9.447(R)|      SLOW  |         3.983(R)|      FAST  |XLXN_408<165>         |   0.000|
Arduino_16   |         8.409(R)|      SLOW  |         3.916(R)|      FAST  |XLXN_408<165>         |   0.000|
Arduino_17   |         8.433(R)|      SLOW  |         3.914(R)|      FAST  |XLXN_408<165>         |   0.000|
Arduino_18   |         8.274(R)|      SLOW  |         3.796(R)|      FAST  |XLXN_408<165>         |   0.000|
Arduino_19   |         8.423(R)|      SLOW  |         3.465(R)|      FAST  |XLXN_408<165>         |   0.000|
Arduino_20   |         8.377(R)|      SLOW  |         4.004(R)|      FAST  |XLXN_408<165>         |   0.000|
Arduino_21   |         8.635(R)|      SLOW  |         4.210(R)|      FAST  |XLXN_408<165>         |   0.000|
Arduino_22   |        13.341(R)|      SLOW  |         5.577(R)|      FAST  |XLXN_596_BUFG         |   0.000|
Arduino_23   |         9.147(R)|      SLOW  |         4.280(R)|      FAST  |XLXN_408<165>         |   0.000|
Arduino_24   |        13.090(R)|      SLOW  |         5.454(R)|      FAST  |XLXN_596_BUFG         |   0.000|
Arduino_25   |         8.145(R)|      SLOW  |         3.542(R)|      FAST  |XLXN_408<165>         |   0.000|
Arduino_26   |        14.042(R)|      SLOW  |         5.969(R)|      FAST  |XLXN_596_BUFG         |   0.000|
Arduino_27   |         7.954(R)|      SLOW  |         3.654(R)|      FAST  |XLXN_408<165>         |   0.000|
Arduino_28   |         8.430(R)|      SLOW  |         4.061(R)|      FAST  |XLXN_408<165>         |   0.000|
Arduino_29   |         7.973(R)|      SLOW  |         3.701(R)|      FAST  |XLXN_408<165>         |   0.000|
Arduino_30   |         8.354(R)|      SLOW  |         3.914(R)|      FAST  |XLXN_408<165>         |   0.000|
Arduino_31   |         8.559(R)|      SLOW  |         4.043(R)|      FAST  |XLXN_408<165>         |   0.000|
Arduino_32   |        14.628(R)|      SLOW  |         6.309(R)|      FAST  |XLXN_596_BUFG         |   0.000|
Arduino_33   |         8.706(R)|      SLOW  |         4.149(R)|      FAST  |XLXN_408<165>         |   0.000|
Arduino_34   |         8.116(R)|      SLOW  |         3.811(R)|      FAST  |XLXN_408<165>         |   0.000|
Arduino_35   |         8.245(R)|      SLOW  |         3.790(R)|      FAST  |XLXN_408<165>         |   0.000|
Arduino_36   |         8.125(R)|      SLOW  |         3.613(R)|      FAST  |XLXN_408<165>         |   0.000|
Arduino_37   |         7.835(R)|      SLOW  |         3.613(R)|      FAST  |XLXN_408<165>         |   0.000|
Arduino_38   |        15.640(R)|      SLOW  |         6.849(R)|      FAST  |XLXN_596_BUFG         |   0.000|
Arduino_39   |         8.835(R)|      SLOW  |         3.917(R)|      FAST  |XLXN_408<165>         |   0.000|
Arduino_40   |        15.903(R)|      SLOW  |         7.054(R)|      FAST  |XLXN_596_BUFG         |   0.000|
Arduino_41   |         9.437(R)|      SLOW  |         4.516(R)|      FAST  |XLXN_408<165>         |   0.000|
Arduino_42   |        17.206(R)|      SLOW  |         7.923(R)|      FAST  |XLXN_596_BUFG         |   0.000|
Arduino_43   |         9.749(R)|      SLOW  |         4.540(R)|      FAST  |XLXN_408<165>         |   0.000|
Arduino_44   |         9.783(R)|      SLOW  |         4.267(R)|      FAST  |XLXN_408<165>         |   0.000|
Arduino_45   |         8.945(R)|      SLOW  |         4.235(R)|      FAST  |XLXN_408<165>         |   0.000|
Arduino_46   |        10.526(R)|      SLOW  |         4.658(R)|      FAST  |XLXN_408<165>         |   0.000|
Arduino_47   |         9.203(R)|      SLOW  |         4.011(R)|      FAST  |XLXN_408<165>         |   0.000|
Arduino_48   |        17.675(R)|      SLOW  |         8.135(R)|      FAST  |XLXN_596_BUFG         |   0.000|
Arduino_49   |         9.280(R)|      SLOW  |         4.201(R)|      FAST  |XLXN_408<165>         |   0.000|
Arduino_50   |        17.314(R)|      SLOW  |         8.045(R)|      FAST  |XLXN_596_BUFG         |   0.000|
Arduino_51   |         9.553(R)|      SLOW  |         4.570(R)|      FAST  |XLXN_408<165>         |   0.000|
Arduino_52   |        16.203(R)|      SLOW  |         7.201(R)|      FAST  |XLXN_596_BUFG         |   0.000|
Arduino_53   |        10.640(R)|      SLOW  |         4.673(R)|      FAST  |XLXN_408<165>         |   0.000|
SPI_CS       |        10.466(R)|      SLOW  |         5.175(R)|      FAST  |XLXN_408<165>         |   0.000|
SPI_MOSI     |         9.659(R)|      SLOW  |         4.550(R)|      FAST  |XLXN_408<165>         |   0.000|
SPI_SCK      |         9.737(R)|      SLOW  |         4.649(R)|      FAST  |XLXN_408<165>         |   0.000|
TXD          |         8.319(R)|      SLOW  |         3.858(R)|      FAST  |XLXN_408<165>         |   0.000|
sram_addr<0> |         6.355(R)|      SLOW  |         2.512(R)|      FAST  |XLXN_408<165>         |   0.000|
sram_addr<1> |         6.355(R)|      SLOW  |         2.512(R)|      FAST  |XLXN_408<165>         |   0.000|
sram_addr<2> |         6.357(R)|      SLOW  |         2.514(R)|      FAST  |XLXN_408<165>         |   0.000|
sram_addr<3> |         6.357(R)|      SLOW  |         2.514(R)|      FAST  |XLXN_408<165>         |   0.000|
sram_addr<4> |         6.360(R)|      SLOW  |         2.517(R)|      FAST  |XLXN_408<165>         |   0.000|
sram_addr<5> |         6.352(R)|      SLOW  |         2.509(R)|      FAST  |XLXN_408<165>         |   0.000|
sram_addr<6> |         6.364(R)|      SLOW  |         2.521(R)|      FAST  |XLXN_408<165>         |   0.000|
sram_addr<7> |         6.364(R)|      SLOW  |         2.521(R)|      FAST  |XLXN_408<165>         |   0.000|
sram_addr<8> |         6.443(R)|      SLOW  |         2.600(R)|      FAST  |XLXN_408<165>         |   0.000|
sram_addr<9> |         6.493(R)|      SLOW  |         2.650(R)|      FAST  |XLXN_408<165>         |   0.000|
sram_addr<10>|         6.440(R)|      SLOW  |         2.597(R)|      FAST  |XLXN_408<165>         |   0.000|
sram_addr<11>|         6.441(R)|      SLOW  |         2.598(R)|      FAST  |XLXN_408<165>         |   0.000|
sram_addr<12>|         6.441(R)|      SLOW  |         2.598(R)|      FAST  |XLXN_408<165>         |   0.000|
sram_addr<13>|         6.363(R)|      SLOW  |         2.520(R)|      FAST  |XLXN_408<165>         |   0.000|
sram_addr<14>|         6.363(R)|      SLOW  |         2.520(R)|      FAST  |XLXN_408<165>         |   0.000|
sram_addr<15>|         6.297(R)|      SLOW  |         2.454(R)|      FAST  |XLXN_408<165>         |   0.000|
sram_addr<16>|         6.302(R)|      SLOW  |         2.459(R)|      FAST  |XLXN_408<165>         |   0.000|
sram_addr<17>|         6.362(R)|      SLOW  |         2.519(R)|      FAST  |XLXN_408<165>         |   0.000|
sram_addr<18>|         6.362(R)|      SLOW  |         2.519(R)|      FAST  |XLXN_408<165>         |   0.000|
sram_ce      |         6.282(R)|      SLOW  |         2.434(R)|      FAST  |XLXN_408<165>         |   0.000|
sram_data<0> |         9.715(R)|      SLOW  |         2.134(R)|      FAST  |XLXN_408<165>         |   0.000|
sram_data<1> |         9.715(R)|      SLOW  |         2.134(R)|      FAST  |XLXN_408<165>         |   0.000|
sram_data<2> |         9.564(R)|      SLOW  |         2.134(R)|      FAST  |XLXN_408<165>         |   0.000|
sram_data<3> |         9.477(R)|      SLOW  |         2.134(R)|      FAST  |XLXN_408<165>         |   0.000|
sram_data<4> |         9.249(R)|      SLOW  |         2.134(R)|      FAST  |XLXN_408<165>         |   0.000|
sram_data<5> |         9.249(R)|      SLOW  |         2.134(R)|      FAST  |XLXN_408<165>         |   0.000|
sram_data<6> |         9.178(R)|      SLOW  |         2.134(R)|      FAST  |XLXN_408<165>         |   0.000|
sram_data<7> |         8.999(R)|      SLOW  |         2.134(R)|      FAST  |XLXN_408<165>         |   0.000|
sram_oe      |         6.219(R)|      SLOW  |         2.371(R)|      FAST  |XLXN_408<165>         |   0.000|
sram_we      |         6.289(R)|      SLOW  |         2.436(R)|      FAST  |XLXI_39/sysclk_sram_we|   0.000|
             |         6.352(R)|      SLOW  |         2.515(R)|      FAST  |XLXN_408<165>         |   0.000|
-------------+-----------------+------------+-----------------+------------+----------------------+--------+

Clock to Setup on destination clock CLK
---------------+---------+---------+---------+---------+
               | Src:Rise| Src:Fall| Src:Rise| Src:Fall|
Source Clock   |Dest:Rise|Dest:Rise|Dest:Fall|Dest:Fall|
---------------+---------+---------+---------+---------+
CLK            |    8.779|    2.168|         |    2.104|
---------------+---------+---------+---------+---------+


Analysis completed Thu Oct 09 17:21:15 2014 
--------------------------------------------------------------------------------

Trace Settings:
-------------------------
Trace Settings 

Peak Memory Usage: 294 MB



